// Jest Snapshot v1, https://goo.gl/fbAQLP

exports[`Parents renders 1`] = `ShallowWrapper {}`;
