// Jest Snapshot v1, https://goo.gl/fbAQLP

exports[`Testimonials renders 1`] = `ShallowWrapper {}`;
