// Jest Snapshot v1, https://goo.gl/fbAQLP

exports[`Curriculum renders 1`] = `ShallowWrapper {}`;
