// Jest Snapshot v1, https://goo.gl/fbAQLP

exports[`History renders 1`] = `ShallowWrapper {}`;
