// Jest Snapshot v1, https://goo.gl/fbAQLP

exports[`Vinton Center renders 1`] = `ShallowWrapper {}`;
