// Jest Snapshot v1, https://goo.gl/fbAQLP

exports[`Afterschool renders 1`] = `ShallowWrapper {}`;
