// Jest Snapshot v1, https://goo.gl/fbAQLP

exports[`Infants renders 1`] = `ShallowWrapper {}`;
