// Jest Snapshot v1, https://goo.gl/fbAQLP

exports[`PreK renders 1`] = `ShallowWrapper {}`;
