// Jest Snapshot v1, https://goo.gl/fbAQLP

exports[`PreSchool renders 1`] = `ShallowWrapper {}`;
