// Jest Snapshot v1, https://goo.gl/fbAQLP

exports[`Summer Camp renders 1`] = `ShallowWrapper {}`;
