// Jest Snapshot v1, https://goo.gl/fbAQLP

exports[`Twos renders 1`] = `ShallowWrapper {}`;
