// Jest Snapshot v1, https://goo.gl/fbAQLP

exports[`Navigation Renders the Navbar 1`] = `ShallowWrapper {}`;

exports[`Navigation Renders the Navbar on cellphone width 1`] = `ShallowWrapper {}`;
